I am constant as the northern star...
I am constant as the northern star...
I am constant as the northern star...
I am constant as the northern star...